Microchip MPLAB XC8 Compiler V2.20

Linker command line:

-W-3 --edf=C:\Program Files\Microchip\xc8\v2.20\pic\dat\en_msgs.txt -cn \
  -h+dist/default/production\Lab09.X.production.sym \
  --cmf=dist/default/production\Lab09.X.production.cmf -z -Q16F887 \
  -oC:\Users\fredy\AppData\Local\Temp\sr7c.2 --defsym=__MPLAB_BUILD=1 \
  -Mdist/default/production/Lab09.X.production.map -E1 -ver=XC8 Compiler \
  --acfsm=1493 -ASTACK=0110h-016Fh -pstack=STACK -ACODE=00h-07FFhx4 \
  -ASTRCODE=00h-01FFFh -ASTRING=00h-0FFhx32 -ACONST=00h-0FFhx32 \
  -AENTRY=00h-0FFhx32 -ACOMMON=070h-07Fh -ABANK0=020h-06Fh \
  -ABANK1=0A0h-0EFh -ABANK2=0110h-016Fh -ABANK3=0190h-01EFh \
  -ARAM=020h-06Fh,0A0h-0EFh,0110h-016Fh,0190h-01EFh \
  -AABS1=020h-07Fh,0A0h-0EFh,0110h-016Fh,0190h-01EFh -ASFR0=00h-01Fh \
  -ASFR1=080h-09Fh -ASFR2=0100h-010Fh -ASFR3=0180h-018Fh \
  -ACONFIG=02007h-02008h -DCONFIG=2 -AIDLOC=02000h-02003h -DIDLOC=2 \
  -preset_vec=00h,intentry=04h,init,end_init -ppowerup=CODE -pcinit=CODE \
  -pfunctab=ENTRY -AEEDATA=00h-0FFh/02100h -peeprom_data=EEDATA -DEEDATA=2 \
  -DCODE=2 -DSTRCODE=2 -DSTRING=2 -DCONST=2 -DENTRY=2 -k \
  C:\Users\fredy\AppData\Local\Temp\sr7c.o \
  dist/default/production\Lab09.X.production.o 

Object code version is 3.11

Machine type is 16F887



                Name                               Link     Load   Length Selector   Space Scale
C:\Users\fredy\AppData\Local\Temp\sr7c.o
                end_init                             10       10        3        8       0
                reset_vec                             0        0        3        0       0
                config                             2007     2007        2        0       4
dist/default/production\Lab09.X.production.o
                cinit                                13       13       16        8       0
                intentry                              4        4        C        8       0
                config                             2007     2007        2        0       4
                text4                                29       29      288        8       0
                text3                               455      455       7C        8       0
                text2                               39B      39B       BA        8       0
                text1                               2B1      2B1       EA        8       0
                maintext                            4D1      4D1       54        8       0
                cstackBANK0                          20       20       26       20       1
                cstackCOMMON                         70       70        E       70       1
                cstackBANK1                          A0       A0        1       A0       1
                dataBANK0                            52       52        1       20       1
                bssBANK0                             46       46        C       20       1
                idataBANK0                          525      525        1        8       0

TOTAL           Name                               Link     Load   Length     Space
        CLASS   STACK          

        CLASS   CODE           
                end_init                             10       10        3         0
                cinit                                13       13       16         0
                intentry                              4        4        C         0
                reset_vec                             0        0        3         0
                text4                                29       29      288         0
                text3                               455      455       7C         0
                text2                               39B      39B       BA         0
                text1                               2B1      2B1       EA         0
                maintext                            4D1      4D1       54         0
                idataBANK0                          525      525        1         0

        CLASS   STRCODE        

        CLASS   STRING         

        CLASS   CONST          

        CLASS   ENTRY          

        CLASS   COMMON         
                cstackCOMMON                         70       70        E         1

        CLASS   BANK0          
                cstackBANK0                          20       20       26         1
                dataBANK0                            52       52        1         1
                bssBANK0                             46       46        C         1

        CLASS   BANK1          
                cstackBANK1                          A0       A0        1         1

        CLASS   BANK2          

        CLASS   BANK3          

        CLASS   RAM            

        CLASS   ABS1           
                abs_s1                               7E       7E        2         1

        CLASS   SFR0           

        CLASS   SFR1           

        CLASS   SFR2           

        CLASS   SFR3           

        CLASS   CONFIG         
                config                             2007     2007        2         4

        CLASS   IDLOC          

        CLASS   EEDATA         



SEGMENTS        Name                           Load    Length   Top    Selector   Space  Class     Delta

                reset_vec                      000000  000003  000003         0       0  CODE        2
                intentry                       000004  000522  000526         8       0  CODE        2
                cstackBANK0                    000020  000033  000053        20       1  BANK0       1
                cstackCOMMON                   000070  00000E  00007E        70       1  COMMON      1
                cstackBANK1                    0000A0  000001  0000A1        A0       1  BANK1       1


UNUSED ADDRESS RANGES

        Name                Unused          Largest block    Delta
        BANK0            0053-006F             1D           1
        BANK1            00A1-00EF             4F           1
        BANK2            0110-016F             60           1
        BANK3            0190-01EF             60           1
        CODE             0003-0003              1           2
                         0526-1FFF            800
        CONST            0003-0003              1           2
                         0526-1FFF            100
        EEDATA           2100-21FF            100           2
        ENTRY            0003-0003              1           2
                         0526-1FFF            100
        IDLOC            2000-2003              4           2
        RAM              0053-006F             1D           1
                         00A1-00EF             4F
                         0110-016F             60
                         0190-01EF             60
        SFR0             0000-001F             20           1
        SFR1             0080-009F             20           1
        SFR2             0100-010F             10           1
        SFR3             0180-018F             10           1
        STACK            0110-016F             60           1
        STRCODE          0003-0003              1           2
                         0526-1FFF           1ADA
        STRING           0003-0003              1           2
                         0526-1FFF            100

                                  Symbol Table

?___fladd                cstackBANK0  0020
?___fltol                cstackBANK0  0034
?___xxtofl               cstackCOMMON 0070
_ADCON0bits              (abs)        001F
_ADCON1bits              (abs)        009F
_ADIF                    (abs)        0066
_ADRESH                  (abs)        001E
_ADRESL                  (abs)        009E
_ANSEL                   (abs)        0188
_ANSELH                  (abs)        0189
_CCP1CONbits             (abs)        0017
_CCP2CONbits             (abs)        001D
_CCPR1L                  (abs)        0015
_CCPR2L                  (abs)        001B
_INTCON                  (abs)        000B
_IRCF0                   (abs)        047C
_IRCF1                   (abs)        047D
_IRCF2                   (abs)        047E
_PIE1bits                (abs)        008C
_PIR1bits                (abs)        000C
_PORTA                   (abs)        0005
_PORTB                   (abs)        0006
_PORTBbits               (abs)        0006
_PORTC                   (abs)        0007
_PORTD                   (abs)        0008
_PORTE                   (abs)        0009
_PR2                     (abs)        0092
_RA0                     (abs)        0028
_T2CONbits               (abs)        0012
_TRISA                   (abs)        0085
_TRISB                   (abs)        0086
_TRISC                   (abs)        0087
_TRISD                   (abs)        0088
_TRISE                   (abs)        0089
__Habs1                  abs1         0000
__Hbank0                 bank0        0000
__Hbank1                 bank1        0000
__Hbank2                 bank2        0000
__Hbank3                 bank3        0000
__HbssBANK0              bssBANK0     0000
__Hcinit                 cinit        0029
__Hclrtext               clrtext      0000
__Hcode                  code         0000
__Hcommon                common       0000
__Hconfig                config       2009
__HcstackBANK0           cstackBANK0  0000
__HcstackBANK1           cstackBANK1  0000
__HcstackCOMMON          cstackCOMMON 0000
__HdataBANK0             dataBANK0    0000
__Heeprom_data           eeprom_data  0000
__Hend_init              end_init     0013
__Hfunctab               functab      0000
__HidataBANK0            idataBANK0   0000
__Hinit                  init         0010
__Hintentry              intentry     0010
__Hmaintext              maintext     0000
__Hpowerup               powerup      0000
__Hram                   ram          0000
__Hreset_vec             reset_vec    0003
__Hsfr0                  sfr0         0000
__Hsfr1                  sfr1         0000
__Hsfr2                  sfr2         0000
__Hsfr3                  sfr3         0000
__Hspace_0               (abs)        0526
__Hspace_1               (abs)        00A1
__Hspace_2               (abs)        0000
__Hspace_3               (abs)        0000
__Hspace_4               (abs)        4010
__Hstack                 stack        0000
__Hstrings               strings      0000
__Htext                  text         0000
__Labs1                  abs1         0000
__Lbank0                 bank0        0000
__Lbank1                 bank1        0000
__Lbank2                 bank2        0000
__Lbank3                 bank3        0000
__LbssBANK0              bssBANK0     0000
__Lcinit                 cinit        0013
__Lclrtext               clrtext      0000
__Lcode                  code         0000
__Lcommon                common       0000
__Lconfig                config       0000
__LcstackBANK0           cstackBANK0  0000
__LcstackBANK1           cstackBANK1  0000
__LcstackCOMMON          cstackCOMMON 0000
__LdataBANK0             dataBANK0    0000
__Leeprom_data           eeprom_data  0000
__Lend_init              end_init     0010
__Lfunctab               functab      0000
__LidataBANK0            idataBANK0   0000
__Linit                  init         0010
__Lintentry              intentry     0004
__Lmaintext              maintext     0000
__Lpowerup               powerup      0000
__Lram                   ram          0000
__Lreset_vec             reset_vec    0000
__Lsfr0                  sfr0         0000
__Lsfr1                  sfr1         0000
__Lsfr2                  sfr2         0000
__Lsfr3                  sfr3         0000
__Lspace_0               (abs)        0000
__Lspace_1               (abs)        0000
__Lspace_2               (abs)        0000
__Lspace_3               (abs)        0000
__Lspace_4               (abs)        0000
__Lstack                 stack        0000
__Lstrings               strings      0000
__Ltext                  text         0000
__S0                     (abs)        0526
__S1                     (abs)        00A1
__S2                     (abs)        0000
__S3                     (abs)        0000
___fladd                 text4        0029
___fladd@a               cstackBANK0  0024
___fladd@aexp            cstackBANK0  0031
___fladd@b               cstackBANK0  0020
___fladd@bexp            cstackBANK0  0032
___fladd@grs             cstackBANK0  0033
___fladd@signs           cstackBANK0  0030
___fltol                 text3        0455
___fltol@exp1            cstackBANK0  003D
___fltol@f1              cstackBANK0  0034
___fltol@sign1           cstackBANK0  003C
___int_sp                stack        0000
___latbits               (abs)        0002
___sp                    stack        0000
___stackhi               (abs)        0000
___stacklo               (abs)        0000
___xxtofl                text2        039B
___xxtofl@arg            cstackCOMMON 007A
___xxtofl@exp            cstackCOMMON 0079
___xxtofl@sign           cstackCOMMON 0078
___xxtofl@val            cstackCOMMON 0070
__end_of___fladd         text4        02B1
__end_of___fltol         text3        04D1
__end_of___xxtofl        text2        0455
__end_of__initialization cinit        0025
__end_of_isr             text1        039B
__end_of_main            maintext     0525
__initialization         cinit        0013
__pbssBANK0              bssBANK0     0046
__pcstackBANK0           cstackBANK0  0020
__pcstackBANK1           cstackBANK1  00A0
__pcstackCOMMON          cstackCOMMON 0070
__pdataBANK0             dataBANK0    0052
__pidataBANK0            idataBANK0   0525
__pintentry              intentry     0004
__pmaintext              maintext     04D1
__ptext1                 text1        02B1
__ptext2                 text2        039B
__ptext3                 text3        0455
__ptext4                 text4        0029
__size_of___fladd        (abs)        0000
__size_of___fltol        (abs)        0000
__size_of___xxtofl       (abs)        0000
__size_of_isr            (abs)        0000
__size_of_main           (abs)        0000
_isr                     text1        02B1
_main                    maintext     04D1
btemp                    (abs)        007E
end_of_initialization    cinit        0025
interrupt_function       intentry     0004
intlevel0                functab      0000
intlevel1                functab      0000
intlevel2                functab      0000
intlevel3                functab      0000
intlevel4                functab      0000
intlevel5                functab      0000
reset_vec                reset_vec    0000
saved_w                  (abs)        007E
start                    init         0010
start_initialization     cinit        0013
wtemp0                   (abs)        007E


FUNCTION INFORMATION:

 *************** function _main *****************
 Defined at:
		line 84 in file "Lab09.c"
 Parameters:    Size  Location     Type
		None
 Auto vars:     Size  Location     Type
		None
 Return value:  Size  Location     Type
                  1    wreg      void 
 Registers used:
		wreg, status,2, status,0
 Tracked objects:
		On entry : 
		On exit  : 
		Unchanged: 
 Data sizes:     COMMON   BANK0   BANK1   BANK3   BANK2
      Params:         0       0       0       0       0
      Locals:         0       0       0       0       0
      Temps:          0       0       1       0       0
      Totals:         0       0       1       0       0
Total ram usage:        1 bytes
 Hardware stack levels required when called:    2
 This function calls:
		Nothing
 This function is called by:
		Startup code after reset
 This function uses a non-reentrant model


 *************** function _isr *****************
 Defined at:
		line 59 in file "Lab09.c"
 Parameters:    Size  Location     Type
		None
 Auto vars:     Size  Location     Type
		None
 Return value:  Size  Location     Type
                  1    wreg      void 
 Registers used:
		wreg, status,2, status,0, btemp+1, pclath, cstack
 Tracked objects:
		On entry : 
		On exit  : 
		Unchanged: 
 Data sizes:     COMMON   BANK0   BANK1   BANK3   BANK2
      Params:         0       0       0       0       0
      Locals:         0       0       0       0       0
      Temps:          0       8       0       0       0
      Totals:         0       8       0       0       0
Total ram usage:        8 bytes
 Hardware stack levels used:    1
 Hardware stack levels required when called:    1
 This function calls:
		___fladd
		___fltol
		___xxtofl
 This function is called by:
		Interrupt level 1
 This function uses a non-reentrant model


 *************** function ___xxtofl *****************
 Defined at:
		line 10 in file "C:\Program Files\Microchip\xc8\v2.20\pic\sources\c90\common\xxtofl.c"
 Parameters:    Size  Location     Type
  sign            1    wreg     unsigned char 
  val             4    0[COMMON] long 
 Auto vars:     Size  Location     Type
  sign            1    8[COMMON] unsigned char 
  arg             4   10[COMMON] unsigned long 
  exp             1    9[COMMON] unsigned char 
 Return value:  Size  Location     Type
                  4    0[COMMON] unsigned char 
 Registers used:
		wreg, status,2, status,0, btemp+1
 Tracked objects:
		On entry : 
		On exit  : 
		Unchanged: 
 Data sizes:     COMMON   BANK0   BANK1   BANK3   BANK2
      Params:         4       0       0       0       0
      Locals:         6       0       0       0       0
      Temps:          4       0       0       0       0
      Totals:        14       0       0       0       0
Total ram usage:       14 bytes
 Hardware stack levels used:    1
 This function calls:
		Nothing
 This function is called by:
		_isr
 This function uses a non-reentrant model


 *************** function ___fltol *****************
 Defined at:
		line 43 in file "C:\Program Files\Microchip\xc8\v2.20\pic\sources\c90\common\fltol.c"
 Parameters:    Size  Location     Type
  f1              4   20[BANK0 ] unsigned char 
 Auto vars:     Size  Location     Type
  exp1            1   29[BANK0 ] unsigned char 
  sign1           1   28[BANK0 ] unsigned char 
 Return value:  Size  Location     Type
                  4   20[BANK0 ] long 
 Registers used:
		wreg, status,2, status,0, btemp+1
 Tracked objects:
		On entry : 
		On exit  : 
		Unchanged: 
 Data sizes:     COMMON   BANK0   BANK1   BANK3   BANK2
      Params:         0       4       0       0       0
      Locals:         0       2       0       0       0
      Temps:          0       4       0       0       0
      Totals:         0      10       0       0       0
Total ram usage:       10 bytes
 Hardware stack levels used:    1
 This function calls:
		Nothing
 This function is called by:
		_isr
 This function uses a non-reentrant model


 *************** function ___fladd *****************
 Defined at:
		line 10 in file "C:\Program Files\Microchip\xc8\v2.20\pic\sources\c90\common\sprcadd.c"
 Parameters:    Size  Location     Type
  b               4    0[BANK0 ] long 
  a               4    4[BANK0 ] long 
 Auto vars:     Size  Location     Type
  grs             1   19[BANK0 ] unsigned char 
  bexp            1   18[BANK0 ] unsigned char 
  aexp            1   17[BANK0 ] unsigned char 
  signs           1   16[BANK0 ] unsigned char 
 Return value:  Size  Location     Type
                  4    0[BANK0 ] unsigned char 
 Registers used:
		wreg, status,2, status,0, btemp+1
 Tracked objects:
		On entry : 
		On exit  : 
		Unchanged: 
 Data sizes:     COMMON   BANK0   BANK1   BANK3   BANK2
      Params:         0       8       0       0       0
      Locals:         0       4       0       0       0
      Temps:          0       8       0       0       0
      Totals:         0      20       0       0       0
Total ram usage:       20 bytes
 Hardware stack levels used:    1
 This function calls:
		Nothing
 This function is called by:
		_isr
 This function uses a non-reentrant model



MODULE INFORMATION

Module		Function		Class		Link	Load	Size
C:\Program Files\Microchip\xc8\v2.20\pic\sources\c90\common\sprcadd.c
		___fladd       		CODE           	0029	0000	649

C:\Program Files\Microchip\xc8\v2.20\pic\sources\c90\common\sprcadd.c estimated size: 649

C:\Program Files\Microchip\xc8\v2.20\pic\sources\c90\common\xxtofl.c
		___xxtofl      		CODE           	039B	0000	187

C:\Program Files\Microchip\xc8\v2.20\pic\sources\c90\common\xxtofl.c estimated size: 187

shared
		__initialization		CODE           	0013	0000	19

shared estimated size: 19

C:\Program Files\Microchip\xc8\v2.20\pic\sources\c90\common\fltol.c
		___fltol       		CODE           	0455	0000	125

C:\Program Files\Microchip\xc8\v2.20\pic\sources\c90\common\fltol.c estimated size: 125

Lab09.c
		_main          		CODE           	04D1	0000	85
		_isr           		CODE           	02B1	0000	235

Lab09.c estimated size: 320

